I'm sorry, but errors were detected in your script. Please correct the
errors listed below, and try again.


File "game/script.rpy", line 189: expected statement.
    @avtaz+=1
          ^

Ren'Py Version: Ren'Py 8.1.3.23091805
Sat Oct 21 00:19:39 2023
